2026-07-31T18:33:43.025Z [INFO] MongoDB Connected
2026-07-31T18:37:15.428Z [INFO] MongoDB Connected
2026-07-31T18:37:20.023Z [INFO] Student 23CSE101 created
2026-07-31T18:40:30.819Z [INFO] MongoDB Connected
2026-07-31T18:40:39.339Z [INFO] MongoDB Connected
2026-07-31T18:40:49.691Z [INFO] MongoDB Connected
2026-07-31T18:41:35.047Z [INFO] Student 23CSE101 updated
2026-07-31T18:41:42.703Z [INFO] Student 23CSE101 deleted
2026-07-31T18:42:49.100Z [INFO] MongoDB Connected
2026-07-31T18:43:17.323Z [INFO] MongoDB Connected
2026-07-31T18:43:34.599Z [INFO] Student 23CSE101 created
2026-07-31T18:44:58.572Z [INFO] Student Service running on port 5000
2026-07-31T18:44:58.605Z [INFO] MongoDB Connected
2026-07-31T18:45:39.306Z [INFO] MongoDB Connected
2026-07-31T18:45:39.324Z [INFO] Student Service running on port 5000
2026-07-31T18:48:20.583Z [INFO] MongoDB Connected
2026-07-31T18:48:20.593Z [INFO] Student Service running on port 5000
2026-07-31T18:49:06.552Z [INFO] MongoDB Connected
2026-07-31T18:49:06.568Z [INFO] Student Service running on port 5000
2026-07-31T18:49:08.678Z [INFO] MongoDB Connected
2026-07-31T18:49:08.691Z [INFO] Student Service running on port 5000
2026-07-31T18:50:33.445Z [INFO] MongoDB Connected
2026-07-31T18:50:33.454Z [INFO] Student Service running on port 5000
